[    1254ms] [INFO] BSSO Telemetry: {"result":"Error","error":"NoExtension","type":"ChromeSsoTelemetry","data":{},"traces":["BrowserSSO Initialized","Creating ChromeBrowserCore provider","Sending message for method CreateProviderAsync","Received message for method CreateProviderAsync","Error: ChromeBrowserCore error NoExtension: Extension is not installed."]} @ https://aadcdn.msftauth.net/shared/1.0/content/js/BssoInterrupt_Core_l_chUU-5ZYSVgQoZAiHKxw2.js:17
[    1588ms] [ERROR] Failed to load resource: the server responded with a status of 404 (Not Found) @ https://login.microsoftonline.com/favicon.ico:0
[    2572ms] [LOG] Service worker registration succeeded: ServiceWorkerRegistration @ https://businesscentral.dynamics.com/js/fixedendpoint.js?v=VeOTqMQ1k3y4fqqnv43U6GPnrvJs8hZHGGZ3qTVE5MA:0
[    6392ms] [WARNING] Some icons were re-registered. Applications should only call registerIcons for any given icon once. Redefining what an icon is may have unintended consequences. Duplicates include: 
GlobalNavButton, ChevronDown, ChevronUp, Edit, Add, Cancel, More, Settings, Mail, Filter (+ 1791 more) @ https://bc-cdn.dynamics.com/res/14a5389a11caeda177a6465d92caf7ef302bdc8dee8e9324886e1d008490c296/js/designer.js:0
[    7026ms] [WARNING] Some icons were re-registered. Applications should only call registerIcons for any given icon once. Redefining what an icon is may have unintended consequences. Duplicates include: 
GlobalNavButton, ChevronDown, ChevronUp, Edit, Add, Cancel, More, Settings, Mail, Filter (+ 1791 more) @ https://bc-cdn.dynamics.com/res/14a5389a11caeda177a6465d92caf7ef302bdc8dee8e9324886e1d008490c296/js/client.js:0
[   10218ms] [ERROR] Failed to load resource: the server responded with a status of 404 () @ https://msweuweuas4044-zlw3azk.appservices.weu.businesscentral.dynamics.com/tenant/msweua5608t83595618/tab/fdbe37eb-5753-4523-8ceb-e539e8f27f29/Resources/ExtractedResources/66088955/src/dhx/fonts/roboto-regular-webfont.woff2:0
[   10321ms] [LOG] [floodgate] Floodgate module loaded @ https://res.cdn.office.net/admincenter/admin-main/2026.8.3.3/floodgate.en.bundle.js:255
[   10419ms] [ERROR] Failed to load resource: the server responded with a status of 404 () @ https://msweuweuas4044-zlw3azk.appservices.weu.businesscentral.dynamics.com/tenant/msweua5608t83595618/tab/fdbe37eb-5753-4523-8ceb-e539e8f27f29/Resources/ExtractedResources/66088955/src/dhx/fonts/roboto-regular-webfont.woff:0
[   12327ms] [WARNING] Some icons were re-registered. Applications should only call registerIcons for any given icon once. Redefining what an icon is may have unintended consequences. Duplicates include: 
GlobalNavButton, ChevronDown, ChevronUp, Edit, Add, Cancel, More, Settings, Mail, Filter (+ 1791 more) @ https://res.cdn.office.net/admincenter/admin-main/2026.8.3.3/floodgate.en.bundle.js:115
[   12987ms] [ERROR] Failed to load resource: the server responded with a status of 401 () @ https://api.businesscentral.dynamics.com/v2.0/UK_HQ/ODataV4/Company?$select=Id,Name,Display_Name,System_Indicator,System_Indicator_Style:0
[   13007ms] [ERROR] Failed to load resource: the server responded with a status of 401 () @ https://api.businesscentral.dynamics.com/v2.0/HQ_AT/ODataV4/Company?$select=Id,Name,Display_Name,System_Indicator,System_Indicator_Style:0
[   13011ms] [ERROR] Failed to load resource: the server responded with a status of 401 () @ https://api.businesscentral.dynamics.com/v2.0/HQ_DE/ODataV4/Company?$select=Id,Name,Display_Name,System_Indicator,System_Indicator_Style:0
[   13057ms] [ERROR] Failed to load resource: the server responded with a status of 401 () @ https://api.businesscentral.dynamics.com/v2.0/HQ_IT/ODataV4/Company?$select=Id,Name,Display_Name,System_Indicator,System_Indicator_Style:0
[   13063ms] [ERROR] Failed to load resource: the server responded with a status of 401 () @ https://api.businesscentral.dynamics.com/v2.0/HQ_FR/ODataV4/Company?$select=Id,Name,Display_Name,System_Indicator,System_Indicator_Style:0
[   13424ms] [ERROR] Failed to load resource: the server responded with a status of 401 () @ https://api.businesscentral.dynamics.com/v2.0/HQ_DK/ODataV4/Company?$select=Id,Name,Display_Name,System_Indicator,System_Indicator_Style:0
[   21761ms] [ERROR] Access to XMLHttpRequest at 'https://tr-officehomemcm-cafe.office.com/apc/trans.gif?a64644e0cbc4f9b1d7ce3b38bed0feb8' from origin 'https://businesscentral.dynamics.com' has been blocked by CORS policy: No 'Access-Control-Allow-Origin' header is present on the requested resource. @ https://businesscentral.dynamics.com/a60762e1-df10-4e4b-8f44-174c51589110/NL_Test?company=CRONUS%20NL&page=50692&dc=0&bookmark=10_gzddL0V660a-_ZdNo0gCyA:0
[   21763ms] [ERROR] Failed to load resource: net::ERR_FAILED @ https://tr-officehomemcm-cafe.office.com/apc/trans.gif?a64644e0cbc4f9b1d7ce3b38bed0feb8:0
